2025-10-19T12:16:04.554+01:00  INFO 14732 --- [Wallet-Service] [main] c.v.w.Controller.WalletControllerTest    : Starting WalletControllerTest using Java 21.0.6 with PID 14732 (started by vickt in C:\Users\vickt\Desktop\Digital_Wallet_Transaction_System\Wallet-Service)
2025-10-19T12:16:04.566+01:00  INFO 14732 --- [Wallet-Service] [main] c.v.w.Controller.WalletControllerTest    : No active profile set, falling back to 1 default profile: "default"
2025-10-19T12:16:06.626+01:00  INFO 14732 --- [Wallet-Service] [main] .s.d.r.c.RepositoryConfigurationDelegate : Bootstrapping Spring Data JPA repositories in DEFAULT mode.
2025-10-19T12:16:06.740+01:00  INFO 14732 --- [Wallet-Service] [main] .s.d.r.c.RepositoryConfigurationDelegate : Finished Spring Data repository scanning in 95 ms. Found 3 JPA repository interfaces.
2025-10-19T12:16:08.488+01:00  INFO 14732 --- [Wallet-Service] [main] o.s.b.w.embedded.tomcat.TomcatWebServer  : Tomcat initialized with port 0 (http)
2025-10-19T12:16:08.523+01:00  INFO 14732 --- [Wallet-Service] [main] o.apache.catalina.core.StandardService   : Starting service [Tomcat]
2025-10-19T12:16:08.524+01:00  INFO 14732 --- [Wallet-Service] [main] o.apache.catalina.core.StandardEngine    : Starting Servlet engine: [Apache Tomcat/10.1.46]
2025-10-19T12:16:08.685+01:00  INFO 14732 --- [Wallet-Service] [main] o.a.c.c.C.[Tomcat].[localhost].[/]       : Initializing Spring embedded WebApplicationContext
2025-10-19T12:16:08.685+01:00  INFO 14732 --- [Wallet-Service] [main] w.s.c.ServletWebServerApplicationContext : Root WebApplicationContext: initialization completed in 3611 ms
2025-10-19T12:16:09.246+01:00  INFO 14732 --- [Wallet-Service] [main] com.zaxxer.hikari.HikariDataSource       : HikariPool-1 - Starting...
2025-10-19T12:16:09.644+01:00  INFO 14732 --- [Wallet-Service] [main] com.zaxxer.hikari.pool.HikariPool        : HikariPool-1 - Added connection org.postgresql.jdbc.PgConnection@32c8d67
2025-10-19T12:16:09.649+01:00  INFO 14732 --- [Wallet-Service] [main] com.zaxxer.hikari.HikariDataSource       : HikariPool-1 - Start completed.
2025-10-19T12:16:09.696+01:00  INFO 14732 --- [Wallet-Service] [main] org.flywaydb.core.FlywayExecutor         : Database: jdbc:postgresql://localhost:51574/walletdb?loggerLevel=OFF (PostgreSQL 16.10)
2025-10-19T12:16:09.772+01:00  INFO 14732 --- [Wallet-Service] [main] o.f.c.i.s.JdbcTableSchemaHistory         : Schema history table "public"."flyway_schema_history" does not exist yet
2025-10-19T12:16:09.780+01:00  INFO 14732 --- [Wallet-Service] [main] o.f.core.internal.command.DbValidate     : Successfully validated 4 migrations (execution time 00:00.042s)
2025-10-19T12:16:09.814+01:00  INFO 14732 --- [Wallet-Service] [main] o.f.c.i.s.JdbcTableSchemaHistory         : Creating Schema History table "public"."flyway_schema_history" ...
2025-10-19T12:16:09.923+01:00  INFO 14732 --- [Wallet-Service] [main] o.f.core.internal.command.DbMigrate      : Current version of schema "public": << Empty Schema >>
2025-10-19T12:16:09.940+01:00  INFO 14732 --- [Wallet-Service] [main] o.f.core.internal.command.DbMigrate      : Migrating schema "public" to version "1 - create tables"
2025-10-19T12:16:10.009+01:00  INFO 14732 --- [Wallet-Service] [main] o.f.core.internal.command.DbMigrate      : Migrating schema "public" to version "2 - edit"
2025-10-19T12:16:10.061+01:00  INFO 14732 --- [Wallet-Service] [main] o.f.core.internal.command.DbMigrate      : Migrating schema "public" to version "3 - newEdit"
2025-10-19T12:16:10.146+01:00  INFO 14732 --- [Wallet-Service] [main] o.f.core.internal.command.DbMigrate      : Migrating schema "public" to version "4 - add transaction type column"
2025-10-19T12:16:10.191+01:00  INFO 14732 --- [Wallet-Service] [main] o.f.core.internal.command.DbMigrate      : Successfully applied 4 migrations to schema "public", now at version v4 (execution time 00:00.108s)
2025-10-19T12:16:10.416+01:00  INFO 14732 --- [Wallet-Service] [main] o.hibernate.jpa.internal.util.LogHelper  : HHH000204: Processing PersistenceUnitInfo [name: default]
2025-10-19T12:16:10.605+01:00  INFO 14732 --- [Wallet-Service] [main] org.hibernate.Version                    : HHH000412: Hibernate ORM core version 6.6.29.Final
2025-10-19T12:16:10.704+01:00  INFO 14732 --- [Wallet-Service] [main] o.h.c.internal.RegionFactoryInitiator    : HHH000026: Second-level cache disabled
2025-10-19T12:16:11.389+01:00  INFO 14732 --- [Wallet-Service] [main] o.s.o.j.p.SpringPersistenceUnitInfo      : No LoadTimeWeaver setup: ignoring JPA class transformer
2025-10-19T12:16:11.520+01:00  INFO 14732 --- [Wallet-Service] [main] org.hibernate.orm.connections.pooling    : HHH10001005: Database info:
	Database JDBC URL [Connecting through datasource 'HikariDataSource (HikariPool-1)']
	Database driver: undefined/unknown
	Database version: 16.10
	Autocommit mode: undefined/unknown
	Isolation level: undefined/unknown
	Minimum pool size: undefined/unknown
	Maximum pool size: undefined/unknown
2025-10-19T12:16:13.257+01:00  INFO 14732 --- [Wallet-Service] [main] o.h.e.t.j.p.i.JtaPlatformInitiator       : HHH000489: No JTA platform available (set 'hibernate.transaction.jta.platform' to enable JTA platform integration)
2025-10-19T12:16:13.263+01:00  INFO 14732 --- [Wallet-Service] [main] j.LocalContainerEntityManagerFactoryBean : Initialized JPA EntityManagerFactory for persistence unit 'default'
2025-10-19T12:16:13.748+01:00  INFO 14732 --- [Wallet-Service] [main] o.s.d.j.r.query.QueryEnhancerFactory     : Hibernate is in classpath; If applicable, HQL parser will be used.
2025-10-19T12:16:16.515+01:00  INFO 14732 --- [Wallet-Service] [main] o.a.k.clients.admin.AdminClientConfig    : AdminClientConfig values: 
	auto.include.jmx.reporter = true
	bootstrap.controllers = []
	bootstrap.servers = [localhost:51577]
	client.dns.lookup = use_all_dns_ips
	client.id = Wallet-Service-admin-0
	connections.max.idle.ms = 300000
	default.api.timeout.ms = 60000
	enable.metrics.push = true
	metadata.max.age.ms = 300000
	metadata.recovery.strategy = none
	metric.reporters = []
	metrics.num.samples = 2
	metrics.recording.level = INFO
	metrics.sample.window.ms = 30000
	receive.buffer.bytes = 65536
	reconnect.backoff.max.ms = 1000
	reconnect.backoff.ms = 50
	request.timeout.ms = 30000
	retries = 2147483647
	retry.backoff.max.ms = 1000
	retry.backoff.ms = 100
	sasl.client.callback.handler.class = null
	sasl.jaas.config = null
	sasl.kerberos.kinit.cmd = /usr/bin/kinit
	sasl.kerberos.min.time.before.relogin = 60000
	sasl.kerberos.service.name = null
	sasl.kerberos.ticket.renew.jitter = 0.05
	sasl.kerberos.ticket.renew.window.factor = 0.8
	sasl.login.callback.handler.class = null
	sasl.login.class = null
	sasl.login.connect.timeout.ms = null
	sasl.login.read.timeout.ms = null
	sasl.login.refresh.buffer.seconds = 300
	sasl.login.refresh.min.period.seconds = 60
	sasl.login.refresh.window.factor = 0.8
	sasl.login.refresh.window.jitter = 0.05
	sasl.login.retry.backoff.max.ms = 10000
	sasl.login.retry.backoff.ms = 100
	sasl.mechanism = GSSAPI
	sasl.oauthbearer.clock.skew.seconds = 30
	sasl.oauthbearer.expected.audience = null
	sasl.oauthbearer.expected.issuer = null
	sasl.oauthbearer.header.urlencode = false
	sasl.oauthbearer.jwks.endpoint.refresh.ms = 3600000
	sasl.oauthbearer.jwks.endpoint.retry.backoff.max.ms = 10000
	sasl.oauthbearer.jwks.endpoint.retry.backoff.ms = 100
	sasl.oauthbearer.jwks.endpoint.url = null
	sasl.oauthbearer.scope.claim.name = scope
	sasl.oauthbearer.sub.claim.name = sub
	sasl.oauthbearer.token.endpoint.url = null
	security.protocol = PLAINTEXT
	security.providers = null
	send.buffer.bytes = 131072
	socket.connection.setup.timeout.max.ms = 30000
	socket.connection.setup.timeout.ms = 10000
	ssl.cipher.suites = null
	ssl.enabled.protocols = [TLSv1.2, TLSv1.3]
	ssl.endpoint.identification.algorithm = https
	ssl.engine.factory.class = null
	ssl.key.password = null
	ssl.keymanager.algorithm = SunX509
	ssl.keystore.certificate.chain = null
	ssl.keystore.key = null
	ssl.keystore.location = null
	ssl.keystore.password = null
	ssl.keystore.type = JKS
	ssl.protocol = TLSv1.3
	ssl.provider = null
	ssl.secure.random.implementation = null
	ssl.trustmanager.algorithm = PKIX
	ssl.truststore.certificates = null
	ssl.truststore.location = null
	ssl.truststore.password = null
	ssl.truststore.type = JKS

2025-10-19T12:16:16.838+01:00  INFO 14732 --- [Wallet-Service] [main] o.a.kafka.common.utils.AppInfoParser     : Kafka version: 3.9.1
2025-10-19T12:16:16.838+01:00  INFO 14732 --- [Wallet-Service] [main] o.a.kafka.common.utils.AppInfoParser     : Kafka commitId: f745dfdcee2b9851
2025-10-19T12:16:16.839+01:00  INFO 14732 --- [Wallet-Service] [main] o.a.kafka.common.utils.AppInfoParser     : Kafka startTimeMs: 1760872576836
2025-10-19T12:16:17.669+01:00  INFO 14732 --- [Wallet-Service] [kafka-admin-client-thread | Wallet-Service-admin-0] o.a.kafka.common.utils.AppInfoParser     : App info kafka.admin.client for Wallet-Service-admin-0 unregistered
2025-10-19T12:16:17.677+01:00  INFO 14732 --- [Wallet-Service] [kafka-admin-client-thread | Wallet-Service-admin-0] o.apache.kafka.common.metrics.Metrics    : Metrics scheduler closed
2025-10-19T12:16:17.678+01:00  INFO 14732 --- [Wallet-Service] [kafka-admin-client-thread | Wallet-Service-admin-0] o.apache.kafka.common.metrics.Metrics    : Closing reporter org.apache.kafka.common.metrics.JmxReporter
2025-10-19T12:16:17.679+01:00  INFO 14732 --- [Wallet-Service] [kafka-admin-client-thread | Wallet-Service-admin-0] o.apache.kafka.common.metrics.Metrics    : Metrics reporters closed
2025-10-19T12:16:17.714+01:00  INFO 14732 --- [Wallet-Service] [main] o.s.b.w.embedded.tomcat.TomcatWebServer  : Tomcat started on port 51594 (http) with context path '/'
2025-10-19T12:16:17.745+01:00  INFO 14732 --- [Wallet-Service] [main] c.v.w.Controller.WalletControllerTest    : Started WalletControllerTest in 13.74 seconds (process running for 38.013)
2025-10-19T12:16:22.745+01:00  INFO 14732 --- [Wallet-Service] [SpringApplicationShutdownHook] o.s.b.w.e.tomcat.GracefulShutdown        : Commencing graceful shutdown. Waiting for active requests to complete
2025-10-19T12:16:22.756+01:00  INFO 14732 --- [Wallet-Service] [tomcat-shutdown] o.s.b.w.e.tomcat.GracefulShutdown        : Graceful shutdown complete
2025-10-19T12:16:22.765+01:00  INFO 14732 --- [Wallet-Service] [SpringApplicationShutdownHook] j.LocalContainerEntityManagerFactoryBean : Closing JPA EntityManagerFactory for persistence unit 'default'
2025-10-19T12:16:22.767+01:00  INFO 14732 --- [Wallet-Service] [SpringApplicationShutdownHook] com.zaxxer.hikari.HikariDataSource       : HikariPool-1 - Shutdown initiated...
2025-10-19T12:16:22.775+01:00  INFO 14732 --- [Wallet-Service] [SpringApplicationShutdownHook] com.zaxxer.hikari.HikariDataSource       : HikariPool-1 - Shutdown completed.
2025-10-19T12:32:04.501+01:00  INFO 3584 --- [Wallet-Service] [main] c.v.w.Controller.WalletControllerTest    : Starting WalletControllerTest using Java 21.0.6 with PID 3584 (started by vickt in C:\Users\vickt\Desktop\Digital_Wallet_Transaction_System\Wallet-Service)
2025-10-19T12:32:04.505+01:00  INFO 3584 --- [Wallet-Service] [main] c.v.w.Controller.WalletControllerTest    : No active profile set, falling back to 1 default profile: "default"
2025-10-19T12:32:06.799+01:00  INFO 3584 --- [Wallet-Service] [main] .s.d.r.c.RepositoryConfigurationDelegate : Bootstrapping Spring Data JPA repositories in DEFAULT mode.
2025-10-19T12:32:06.952+01:00  INFO 3584 --- [Wallet-Service] [main] .s.d.r.c.RepositoryConfigurationDelegate : Finished Spring Data repository scanning in 128 ms. Found 3 JPA repository interfaces.
2025-10-19T12:32:08.587+01:00  INFO 3584 --- [Wallet-Service] [main] o.s.b.w.embedded.tomcat.TomcatWebServer  : Tomcat initialized with port 0 (http)
2025-10-19T12:32:08.616+01:00  INFO 3584 --- [Wallet-Service] [main] o.apache.catalina.core.StandardService   : Starting service [Tomcat]
2025-10-19T12:32:08.617+01:00  INFO 3584 --- [Wallet-Service] [main] o.apache.catalina.core.StandardEngine    : Starting Servlet engine: [Apache Tomcat/10.1.46]
2025-10-19T12:32:08.798+01:00  INFO 3584 --- [Wallet-Service] [main] o.a.c.c.C.[Tomcat].[localhost].[/]       : Initializing Spring embedded WebApplicationContext
2025-10-19T12:32:08.799+01:00  INFO 3584 --- [Wallet-Service] [main] w.s.c.ServletWebServerApplicationContext : Root WebApplicationContext: initialization completed in 3785 ms
2025-10-19T12:32:09.597+01:00  INFO 3584 --- [Wallet-Service] [main] com.zaxxer.hikari.HikariDataSource       : HikariPool-1 - Starting...
2025-10-19T12:32:09.999+01:00  INFO 3584 --- [Wallet-Service] [main] com.zaxxer.hikari.pool.HikariPool        : HikariPool-1 - Added connection org.postgresql.jdbc.PgConnection@761b9314
2025-10-19T12:32:10.002+01:00  INFO 3584 --- [Wallet-Service] [main] com.zaxxer.hikari.HikariDataSource       : HikariPool-1 - Start completed.
2025-10-19T12:32:10.066+01:00  INFO 3584 --- [Wallet-Service] [main] org.flywaydb.core.FlywayExecutor         : Database: jdbc:postgresql://localhost:52315/walletdb?loggerLevel=OFF (PostgreSQL 16.10)
2025-10-19T12:32:10.178+01:00  INFO 3584 --- [Wallet-Service] [main] o.f.c.i.s.JdbcTableSchemaHistory         : Schema history table "public"."flyway_schema_history" does not exist yet
2025-10-19T12:32:10.186+01:00  INFO 3584 --- [Wallet-Service] [main] o.f.core.internal.command.DbValidate     : Successfully validated 4 migrations (execution time 00:00.058s)
2025-10-19T12:32:10.222+01:00  INFO 3584 --- [Wallet-Service] [main] o.f.c.i.s.JdbcTableSchemaHistory         : Creating Schema History table "public"."flyway_schema_history" ...
2025-10-19T12:32:10.326+01:00  INFO 3584 --- [Wallet-Service] [main] o.f.core.internal.command.DbMigrate      : Current version of schema "public": << Empty Schema >>
2025-10-19T12:32:10.344+01:00  INFO 3584 --- [Wallet-Service] [main] o.f.core.internal.command.DbMigrate      : Migrating schema "public" to version "1 - create tables"
2025-10-19T12:32:10.406+01:00  INFO 3584 --- [Wallet-Service] [main] o.f.core.internal.command.DbMigrate      : Migrating schema "public" to version "2 - edit"
2025-10-19T12:32:10.461+01:00  INFO 3584 --- [Wallet-Service] [main] o.f.core.internal.command.DbMigrate      : Migrating schema "public" to version "3 - newEdit"
2025-10-19T12:32:10.515+01:00  INFO 3584 --- [Wallet-Service] [main] o.f.core.internal.command.DbMigrate      : Migrating schema "public" to version "4 - add transaction type column"
2025-10-19T12:32:10.555+01:00  INFO 3584 --- [Wallet-Service] [main] o.f.core.internal.command.DbMigrate      : Successfully applied 4 migrations to schema "public", now at version v4 (execution time 00:00.078s)
2025-10-19T12:32:10.821+01:00  INFO 3584 --- [Wallet-Service] [main] o.hibernate.jpa.internal.util.LogHelper  : HHH000204: Processing PersistenceUnitInfo [name: default]
2025-10-19T12:32:10.964+01:00  INFO 3584 --- [Wallet-Service] [main] org.hibernate.Version                    : HHH000412: Hibernate ORM core version 6.6.29.Final
2025-10-19T12:32:11.059+01:00  INFO 3584 --- [Wallet-Service] [main] o.h.c.internal.RegionFactoryInitiator    : HHH000026: Second-level cache disabled
2025-10-19T12:32:11.695+01:00  INFO 3584 --- [Wallet-Service] [main] o.s.o.j.p.SpringPersistenceUnitInfo      : No LoadTimeWeaver setup: ignoring JPA class transformer
2025-10-19T12:32:11.889+01:00  INFO 3584 --- [Wallet-Service] [main] org.hibernate.orm.connections.pooling    : HHH10001005: Database info:
	Database JDBC URL [Connecting through datasource 'HikariDataSource (HikariPool-1)']
	Database driver: undefined/unknown
	Database version: 16.10
	Autocommit mode: undefined/unknown
	Isolation level: undefined/unknown
	Minimum pool size: undefined/unknown
	Maximum pool size: undefined/unknown
2025-10-19T12:32:13.866+01:00  INFO 3584 --- [Wallet-Service] [main] o.h.e.t.j.p.i.JtaPlatformInitiator       : HHH000489: No JTA platform available (set 'hibernate.transaction.jta.platform' to enable JTA platform integration)
2025-10-19T12:32:13.872+01:00  INFO 3584 --- [Wallet-Service] [main] j.LocalContainerEntityManagerFactoryBean : Initialized JPA EntityManagerFactory for persistence unit 'default'
2025-10-19T12:32:14.495+01:00  INFO 3584 --- [Wallet-Service] [main] o.s.d.j.r.query.QueryEnhancerFactory     : Hibernate is in classpath; If applicable, HQL parser will be used.
2025-10-19T12:32:17.649+01:00  INFO 3584 --- [Wallet-Service] [main] o.a.k.clients.admin.AdminClientConfig    : AdminClientConfig values: 
	auto.include.jmx.reporter = true
	bootstrap.controllers = []
	bootstrap.servers = [localhost:52318]
	client.dns.lookup = use_all_dns_ips
	client.id = Wallet-Service-admin-0
	connections.max.idle.ms = 300000
	default.api.timeout.ms = 60000
	enable.metrics.push = true
	metadata.max.age.ms = 300000
	metadata.recovery.strategy = none
	metric.reporters = []
	metrics.num.samples = 2
	metrics.recording.level = INFO
	metrics.sample.window.ms = 30000
	receive.buffer.bytes = 65536
	reconnect.backoff.max.ms = 1000
	reconnect.backoff.ms = 50
	request.timeout.ms = 30000
	retries = 2147483647
	retry.backoff.max.ms = 1000
	retry.backoff.ms = 100
	sasl.client.callback.handler.class = null
	sasl.jaas.config = null
	sasl.kerberos.kinit.cmd = /usr/bin/kinit
	sasl.kerberos.min.time.before.relogin = 60000
	sasl.kerberos.service.name = null
	sasl.kerberos.ticket.renew.jitter = 0.05
	sasl.kerberos.ticket.renew.window.factor = 0.8
	sasl.login.callback.handler.class = null
	sasl.login.class = null
	sasl.login.connect.timeout.ms = null
	sasl.login.read.timeout.ms = null
	sasl.login.refresh.buffer.seconds = 300
	sasl.login.refresh.min.period.seconds = 60
	sasl.login.refresh.window.factor = 0.8
	sasl.login.refresh.window.jitter = 0.05
	sasl.login.retry.backoff.max.ms = 10000
	sasl.login.retry.backoff.ms = 100
	sasl.mechanism = GSSAPI
	sasl.oauthbearer.clock.skew.seconds = 30
	sasl.oauthbearer.expected.audience = null
	sasl.oauthbearer.expected.issuer = null
	sasl.oauthbearer.header.urlencode = false
	sasl.oauthbearer.jwks.endpoint.refresh.ms = 3600000
	sasl.oauthbearer.jwks.endpoint.retry.backoff.max.ms = 10000
	sasl.oauthbearer.jwks.endpoint.retry.backoff.ms = 100
	sasl.oauthbearer.jwks.endpoint.url = null
	sasl.oauthbearer.scope.claim.name = scope
	sasl.oauthbearer.sub.claim.name = sub
	sasl.oauthbearer.token.endpoint.url = null
	security.protocol = PLAINTEXT
	security.providers = null
	send.buffer.bytes = 131072
	socket.connection.setup.timeout.max.ms = 30000
	socket.connection.setup.timeout.ms = 10000
	ssl.cipher.suites = null
	ssl.enabled.protocols = [TLSv1.2, TLSv1.3]
	ssl.endpoint.identification.algorithm = https
	ssl.engine.factory.class = null
	ssl.key.password = null
	ssl.keymanager.algorithm = SunX509
	ssl.keystore.certificate.chain = null
	ssl.keystore.key = null
	ssl.keystore.location = null
	ssl.keystore.password = null
	ssl.keystore.type = JKS
	ssl.protocol = TLSv1.3
	ssl.provider = null
	ssl.secure.random.implementation = null
	ssl.trustmanager.algorithm = PKIX
	ssl.truststore.certificates = null
	ssl.truststore.location = null
	ssl.truststore.password = null
	ssl.truststore.type = JKS

2025-10-19T12:32:18.038+01:00  INFO 3584 --- [Wallet-Service] [main] o.a.kafka.common.utils.AppInfoParser     : Kafka version: 3.9.1
2025-10-19T12:32:18.039+01:00  INFO 3584 --- [Wallet-Service] [main] o.a.kafka.common.utils.AppInfoParser     : Kafka commitId: f745dfdcee2b9851
2025-10-19T12:32:18.039+01:00  INFO 3584 --- [Wallet-Service] [main] o.a.kafka.common.utils.AppInfoParser     : Kafka startTimeMs: 1760873538035
2025-10-19T12:32:19.076+01:00  INFO 3584 --- [Wallet-Service] [kafka-admin-client-thread | Wallet-Service-admin-0] o.a.kafka.common.utils.AppInfoParser     : App info kafka.admin.client for Wallet-Service-admin-0 unregistered
2025-10-19T12:32:19.088+01:00  INFO 3584 --- [Wallet-Service] [kafka-admin-client-thread | Wallet-Service-admin-0] o.apache.kafka.common.metrics.Metrics    : Metrics scheduler closed
2025-10-19T12:32:19.088+01:00  INFO 3584 --- [Wallet-Service] [kafka-admin-client-thread | Wallet-Service-admin-0] o.apache.kafka.common.metrics.Metrics    : Closing reporter org.apache.kafka.common.metrics.JmxReporter
2025-10-19T12:32:19.089+01:00  INFO 3584 --- [Wallet-Service] [kafka-admin-client-thread | Wallet-Service-admin-0] o.apache.kafka.common.metrics.Metrics    : Metrics reporters closed
2025-10-19T12:32:19.139+01:00  INFO 3584 --- [Wallet-Service] [main] o.s.b.w.embedded.tomcat.TomcatWebServer  : Tomcat started on port 52332 (http) with context path '/'
2025-10-19T12:32:19.183+01:00  INFO 3584 --- [Wallet-Service] [main] c.v.w.Controller.WalletControllerTest    : Started WalletControllerTest in 15.346 seconds (process running for 38.809)
2025-10-19T12:32:25.637+01:00  INFO 3584 --- [Wallet-Service] [SpringApplicationShutdownHook] o.s.b.w.e.tomcat.GracefulShutdown        : Commencing graceful shutdown. Waiting for active requests to complete
2025-10-19T12:32:25.649+01:00  INFO 3584 --- [Wallet-Service] [tomcat-shutdown] o.s.b.w.e.tomcat.GracefulShutdown        : Graceful shutdown complete
2025-10-19T12:32:25.657+01:00  INFO 3584 --- [Wallet-Service] [SpringApplicationShutdownHook] j.LocalContainerEntityManagerFactoryBean : Closing JPA EntityManagerFactory for persistence unit 'default'
2025-10-19T12:32:25.660+01:00  INFO 3584 --- [Wallet-Service] [SpringApplicationShutdownHook] com.zaxxer.hikari.HikariDataSource       : HikariPool-1 - Shutdown initiated...
2025-10-19T12:32:25.675+01:00  INFO 3584 --- [Wallet-Service] [SpringApplicationShutdownHook] com.zaxxer.hikari.HikariDataSource       : HikariPool-1 - Shutdown completed.
