2025-10-19T00:03:17.652+01:00  INFO 1928 --- [History-Service] [org.springframework.kafka.KafkaListenerEndpointContainer#0-0-C-1] k.c.c.i.ConsumerRebalanceListenerInvoker : [Consumer clientId=consumer-wallet_events-1, groupId=wallet_events] Revoke previously assigned partitions wallet_event_topic-0, wallet_event_topic-1, wallet_event_topic-2
2025-10-19T00:03:17.994+01:00  INFO 1928 --- [History-Service] [org.springframework.kafka.KafkaListenerEndpointContainer#0-0-C-1] o.s.k.l.KafkaMessageListenerContainer    : wallet_events: partitions revoked: [wallet_event_topic-0, wallet_event_topic-1, wallet_event_topic-2]
2025-10-19T00:03:18.008+01:00  INFO 1928 --- [History-Service] [org.springframework.kafka.KafkaListenerEndpointContainer#0-0-C-1] o.a.k.c.c.internals.ConsumerCoordinator  : [Consumer clientId=consumer-wallet_events-1, groupId=wallet_events] Member consumer-wallet_events-1-f1e894e5-5555-49fd-949f-66091b5f5e8f sending LeaveGroup request to coordinator localhost:9092 (id: 2147483646 rack: null) due to the consumer unsubscribed from all topics
2025-10-19T00:03:18.040+01:00  INFO 1928 --- [History-Service] [org.springframework.kafka.KafkaListenerEndpointContainer#0-0-C-1] o.a.k.c.c.internals.ConsumerCoordinator  : [Consumer clientId=consumer-wallet_events-1, groupId=wallet_events] Resetting generation and member id due to: consumer pro-actively leaving the group
2025-10-19T00:03:18.041+01:00  INFO 1928 --- [History-Service] [org.springframework.kafka.KafkaListenerEndpointContainer#0-0-C-1] o.a.k.c.c.internals.ConsumerCoordinator  : [Consumer clientId=consumer-wallet_events-1, groupId=wallet_events] Request joining group due to: consumer pro-actively leaving the group
2025-10-19T00:03:18.043+01:00  INFO 1928 --- [History-Service] [org.springframework.kafka.KafkaListenerEndpointContainer#0-0-C-1] o.a.k.c.c.i.ClassicKafkaConsumer         : [Consumer clientId=consumer-wallet_events-1, groupId=wallet_events] Unsubscribed all topics or patterns and assigned partitions
2025-10-19T00:03:18.219+01:00  INFO 1928 --- [History-Service] [org.springframework.kafka.KafkaListenerEndpointContainer#0-0-C-1] o.a.k.c.c.internals.ConsumerCoordinator  : [Consumer clientId=consumer-wallet_events-1, groupId=wallet_events] Resetting generation and member id due to: consumer pro-actively leaving the group
2025-10-19T00:03:18.222+01:00  INFO 1928 --- [History-Service] [org.springframework.kafka.KafkaListenerEndpointContainer#0-0-C-1] o.a.k.c.c.internals.ConsumerCoordinator  : [Consumer clientId=consumer-wallet_events-1, groupId=wallet_events] Request joining group due to: consumer pro-actively leaving the group
2025-10-19T00:03:21.044+01:00  INFO 1928 --- [History-Service] [org.springframework.kafka.KafkaListenerEndpointContainer#0-0-C-1] o.apache.kafka.common.metrics.Metrics    : Metrics scheduler closed
2025-10-19T00:03:21.045+01:00  INFO 1928 --- [History-Service] [org.springframework.kafka.KafkaListenerEndpointContainer#0-0-C-1] o.apache.kafka.common.metrics.Metrics    : Closing reporter org.apache.kafka.common.metrics.JmxReporter
2025-10-19T00:03:21.047+01:00  INFO 1928 --- [History-Service] [org.springframework.kafka.KafkaListenerEndpointContainer#0-0-C-1] o.apache.kafka.common.metrics.Metrics    : Closing reporter org.apache.kafka.common.telemetry.internals.ClientTelemetryReporter
2025-10-19T00:03:21.048+01:00  INFO 1928 --- [History-Service] [org.springframework.kafka.KafkaListenerEndpointContainer#0-0-C-1] o.apache.kafka.common.metrics.Metrics    : Metrics reporters closed
2025-10-19T00:03:21.129+01:00  INFO 1928 --- [History-Service] [org.springframework.kafka.KafkaListenerEndpointContainer#0-0-C-1] o.a.kafka.common.utils.AppInfoParser     : App info kafka.consumer for consumer-wallet_events-1 unregistered
2025-10-19T00:03:21.141+01:00  INFO 1928 --- [History-Service] [org.springframework.kafka.KafkaListenerEndpointContainer#0-0-C-1] o.s.k.l.KafkaMessageListenerContainer    : wallet_events: Consumer stopped
2025-10-19T00:03:21.214+01:00  INFO 1928 --- [History-Service] [SpringApplicationShutdownHook] o.s.b.w.e.tomcat.GracefulShutdown        : Commencing graceful shutdown. Waiting for active requests to complete
2025-10-19T00:03:21.315+01:00  INFO 1928 --- [History-Service] [tomcat-shutdown] o.s.b.w.e.tomcat.GracefulShutdown        : Graceful shutdown complete
2025-10-19T00:03:21.465+01:00  INFO 1928 --- [History-Service] [SpringApplicationShutdownHook] j.LocalContainerEntityManagerFactoryBean : Closing JPA EntityManagerFactory for persistence unit 'default'
2025-10-19T00:03:21.580+01:00  INFO 1928 --- [History-Service] [SpringApplicationShutdownHook] com.zaxxer.hikari.HikariDataSource       : HikariPool-1 - Shutdown initiated...
2025-10-19T00:03:21.640+01:00  INFO 1928 --- [History-Service] [SpringApplicationShutdownHook] com.zaxxer.hikari.HikariDataSource       : HikariPool-1 - Shutdown completed.
2025-10-19T00:03:25.062+01:00  INFO 11960 --- [Wallet-Service] [main] c.v.w.WalletServiceApplication           : Starting WalletServiceApplication using Java 21.0.6 with PID 11960 (C:\Users\vickt\Desktop\Digital_Wallet_Transaction_System\Wallet-Service\target\classes started by vickt in C:\Users\vickt\Desktop\Digital_Wallet_Transaction_System)
2025-10-19T00:03:25.209+01:00  INFO 11960 --- [Wallet-Service] [main] c.v.w.WalletServiceApplication           : No active profile set, falling back to 1 default profile: "default"
2025-10-19T00:03:28.132+01:00  INFO 11960 --- [Wallet-Service] [main] .s.d.r.c.RepositoryConfigurationDelegate : Bootstrapping Spring Data JPA repositories in DEFAULT mode.
2025-10-19T00:03:28.327+01:00  INFO 11960 --- [Wallet-Service] [main] .s.d.r.c.RepositoryConfigurationDelegate : Finished Spring Data repository scanning in 165 ms. Found 3 JPA repository interfaces.
2025-10-19T00:03:30.213+01:00  INFO 11960 --- [Wallet-Service] [main] o.s.b.w.embedded.tomcat.TomcatWebServer  : Tomcat initialized with port 8080 (http)
2025-10-19T00:03:30.272+01:00  INFO 11960 --- [Wallet-Service] [main] o.apache.catalina.core.StandardService   : Starting service [Tomcat]
2025-10-19T00:03:30.273+01:00  INFO 11960 --- [Wallet-Service] [main] o.apache.catalina.core.StandardEngine    : Starting Servlet engine: [Apache Tomcat/10.1.46]
2025-10-19T00:03:30.447+01:00  INFO 11960 --- [Wallet-Service] [main] o.a.c.c.C.[Tomcat].[localhost].[/]       : Initializing Spring embedded WebApplicationContext
2025-10-19T00:03:30.449+01:00  INFO 11960 --- [Wallet-Service] [main] w.s.c.ServletWebServerApplicationContext : Root WebApplicationContext: initialization completed in 4908 ms
2025-10-19T00:03:31.237+01:00  INFO 11960 --- [Wallet-Service] [main] com.zaxxer.hikari.HikariDataSource       : HikariPool-1 - Starting...
2025-10-19T00:03:31.733+01:00  INFO 11960 --- [Wallet-Service] [main] com.zaxxer.hikari.pool.HikariPool        : HikariPool-1 - Added connection org.postgresql.jdbc.PgConnection@5ad57e90
2025-10-19T00:03:31.739+01:00  INFO 11960 --- [Wallet-Service] [main] com.zaxxer.hikari.HikariDataSource       : HikariPool-1 - Start completed.
2025-10-19T00:03:31.852+01:00  INFO 11960 --- [Wallet-Service] [main] org.flywaydb.core.FlywayExecutor         : Database: jdbc:postgresql://localhost:5432/postgres (PostgreSQL 17.5)
2025-10-19T00:03:32.085+01:00  INFO 11960 --- [Wallet-Service] [main] o.f.core.internal.command.DbValidate     : Successfully validated 4 migrations (execution time 00:00.112s)
2025-10-19T00:03:32.149+01:00  INFO 11960 --- [Wallet-Service] [main] o.f.core.internal.command.DbMigrate      : Current version of schema "public": 4
2025-10-19T00:03:32.160+01:00  INFO 11960 --- [Wallet-Service] [main] o.f.core.internal.command.DbMigrate      : Schema "public" is up to date. No migration necessary.
2025-10-19T00:03:32.385+01:00  INFO 11960 --- [Wallet-Service] [main] o.hibernate.jpa.internal.util.LogHelper  : HHH000204: Processing PersistenceUnitInfo [name: default]
2025-10-19T00:03:32.571+01:00  INFO 11960 --- [Wallet-Service] [main] org.hibernate.Version                    : HHH000412: Hibernate ORM core version 6.6.29.Final
2025-10-19T00:03:32.691+01:00  INFO 11960 --- [Wallet-Service] [main] o.h.c.internal.RegionFactoryInitiator    : HHH000026: Second-level cache disabled
2025-10-19T00:03:33.820+01:00  INFO 11960 --- [Wallet-Service] [main] o.s.o.j.p.SpringPersistenceUnitInfo      : No LoadTimeWeaver setup: ignoring JPA class transformer
2025-10-19T00:03:34.168+01:00  INFO 11960 --- [Wallet-Service] [main] org.hibernate.orm.connections.pooling    : HHH10001005: Database info:
	Database JDBC URL [Connecting through datasource 'HikariDataSource (HikariPool-1)']
	Database driver: undefined/unknown
	Database version: 17.5
	Autocommit mode: undefined/unknown
	Isolation level: undefined/unknown
	Minimum pool size: undefined/unknown
	Maximum pool size: undefined/unknown
2025-10-19T00:03:37.187+01:00  INFO 17596 --- [History-Service] [main] c.v.h.HistoryServiceApplication          : Starting HistoryServiceApplication using Java 21.0.6 with PID 17596 (C:\Users\vickt\Desktop\Digital_Wallet_Transaction_System\History-Service\target\classes started by vickt in C:\Users\vickt\Desktop\Digital_Wallet_Transaction_System)
2025-10-19T00:03:37.195+01:00  INFO 17596 --- [History-Service] [main] c.v.h.HistoryServiceApplication          : No active profile set, falling back to 1 default profile: "default"
2025-10-19T00:03:37.735+01:00  INFO 11960 --- [Wallet-Service] [main] o.h.e.t.j.p.i.JtaPlatformInitiator       : HHH000489: No JTA platform available (set 'hibernate.transaction.jta.platform' to enable JTA platform integration)
2025-10-19T00:03:37.752+01:00  INFO 11960 --- [Wallet-Service] [main] j.LocalContainerEntityManagerFactoryBean : Initialized JPA EntityManagerFactory for persistence unit 'default'
2025-10-19T00:03:38.720+01:00  INFO 11960 --- [Wallet-Service] [main] o.s.d.j.r.query.QueryEnhancerFactory     : Hibernate is in classpath; If applicable, HQL parser will be used.
2025-10-19T00:03:39.291+01:00  INFO 17596 --- [History-Service] [main] .s.d.r.c.RepositoryConfigurationDelegate : Bootstrapping Spring Data JPA repositories in DEFAULT mode.
2025-10-19T00:03:39.419+01:00  INFO 17596 --- [History-Service] [main] .s.d.r.c.RepositoryConfigurationDelegate : Finished Spring Data repository scanning in 106 ms. Found 1 JPA repository interface.
2025-10-19T00:03:40.642+01:00  INFO 17596 --- [History-Service] [main] o.s.b.w.embedded.tomcat.TomcatWebServer  : Tomcat initialized with port 8081 (http)
2025-10-19T00:03:40.680+01:00  INFO 17596 --- [History-Service] [main] o.apache.catalina.core.StandardService   : Starting service [Tomcat]
2025-10-19T00:03:40.681+01:00  INFO 17596 --- [History-Service] [main] o.apache.catalina.core.StandardEngine    : Starting Servlet engine: [Apache Tomcat/10.1.46]
2025-10-19T00:03:40.813+01:00  INFO 17596 --- [History-Service] [main] o.a.c.c.C.[Tomcat].[localhost].[/]       : Initializing Spring embedded WebApplicationContext
2025-10-19T00:03:40.814+01:00  INFO 17596 --- [History-Service] [main] w.s.c.ServletWebServerApplicationContext : Root WebApplicationContext: initialization completed in 3491 ms
2025-10-19T00:03:41.146+01:00  INFO 17596 --- [History-Service] [main] com.zaxxer.hikari.HikariDataSource       : HikariPool-1 - Starting...
2025-10-19T00:03:41.536+01:00  INFO 17596 --- [History-Service] [main] com.zaxxer.hikari.pool.HikariPool        : HikariPool-1 - Added connection org.postgresql.jdbc.PgConnection@77fc19cf
2025-10-19T00:03:41.540+01:00  INFO 17596 --- [History-Service] [main] com.zaxxer.hikari.HikariDataSource       : HikariPool-1 - Start completed.
2025-10-19T00:03:41.628+01:00  INFO 17596 --- [History-Service] [main] o.hibernate.jpa.internal.util.LogHelper  : HHH000204: Processing PersistenceUnitInfo [name: default]
2025-10-19T00:03:41.776+01:00  INFO 17596 --- [History-Service] [main] org.hibernate.Version                    : HHH000412: Hibernate ORM core version 6.6.29.Final
2025-10-19T00:03:41.866+01:00  INFO 17596 --- [History-Service] [main] o.h.c.internal.RegionFactoryInitiator    : HHH000026: Second-level cache disabled
2025-10-19T00:03:41.891+01:00  INFO 11960 --- [Wallet-Service] [main] o.a.k.clients.admin.AdminClientConfig    : AdminClientConfig values: 
	auto.include.jmx.reporter = true
	bootstrap.controllers = []
	bootstrap.servers = [localhost:9092]
	client.dns.lookup = use_all_dns_ips
	client.id = Wallet-Service-admin-0
	connections.max.idle.ms = 300000
	default.api.timeout.ms = 60000
	enable.metrics.push = true
	metadata.max.age.ms = 300000
	metadata.recovery.strategy = none
	metric.reporters = []
	metrics.num.samples = 2
	metrics.recording.level = INFO
	metrics.sample.window.ms = 30000
	receive.buffer.bytes = 65536
	reconnect.backoff.max.ms = 1000
	reconnect.backoff.ms = 50
	request.timeout.ms = 30000
	retries = 2147483647
	retry.backoff.max.ms = 1000
	retry.backoff.ms = 100
	sasl.client.callback.handler.class = null
	sasl.jaas.config = null
	sasl.kerberos.kinit.cmd = /usr/bin/kinit
	sasl.kerberos.min.time.before.relogin = 60000
	sasl.kerberos.service.name = null
	sasl.kerberos.ticket.renew.jitter = 0.05
	sasl.kerberos.ticket.renew.window.factor = 0.8
	sasl.login.callback.handler.class = null
	sasl.login.class = null
	sasl.login.connect.timeout.ms = null
	sasl.login.read.timeout.ms = null
	sasl.login.refresh.buffer.seconds = 300
	sasl.login.refresh.min.period.seconds = 60
	sasl.login.refresh.window.factor = 0.8
	sasl.login.refresh.window.jitter = 0.05
	sasl.login.retry.backoff.max.ms = 10000
	sasl.login.retry.backoff.ms = 100
	sasl.mechanism = GSSAPI
	sasl.oauthbearer.clock.skew.seconds = 30
	sasl.oauthbearer.expected.audience = null
	sasl.oauthbearer.expected.issuer = null
	sasl.oauthbearer.header.urlencode = false
	sasl.oauthbearer.jwks.endpoint.refresh.ms = 3600000
	sasl.oauthbearer.jwks.endpoint.retry.backoff.max.ms = 10000
	sasl.oauthbearer.jwks.endpoint.retry.backoff.ms = 100
	sasl.oauthbearer.jwks.endpoint.url = null
	sasl.oauthbearer.scope.claim.name = scope
	sasl.oauthbearer.sub.claim.name = sub
	sasl.oauthbearer.token.endpoint.url = null
	security.protocol = PLAINTEXT
	security.providers = null
	send.buffer.bytes = 131072
	socket.connection.setup.timeout.max.ms = 30000
	socket.connection.setup.timeout.ms = 10000
	ssl.cipher.suites = null
	ssl.enabled.protocols = [TLSv1.2, TLSv1.3]
	ssl.endpoint.identification.algorithm = https
	ssl.engine.factory.class = null
	ssl.key.password = null
	ssl.keymanager.algorithm = SunX509
	ssl.keystore.certificate.chain = null
	ssl.keystore.key = null
	ssl.keystore.location = null
	ssl.keystore.password = null
	ssl.keystore.type = JKS
	ssl.protocol = TLSv1.3
	ssl.provider = null
	ssl.secure.random.implementation = null
	ssl.trustmanager.algorithm = PKIX
	ssl.truststore.certificates = null
	ssl.truststore.location = null
	ssl.truststore.password = null
	ssl.truststore.type = JKS

2025-10-19T00:03:42.127+01:00  INFO 11960 --- [Wallet-Service] [main] o.a.kafka.common.utils.AppInfoParser     : Kafka version: 3.9.1
2025-10-19T00:03:42.128+01:00  INFO 11960 --- [Wallet-Service] [main] o.a.kafka.common.utils.AppInfoParser     : Kafka commitId: f745dfdcee2b9851
2025-10-19T00:03:42.129+01:00  INFO 11960 --- [Wallet-Service] [main] o.a.kafka.common.utils.AppInfoParser     : Kafka startTimeMs: 1760828622123
2025-10-19T00:03:42.383+01:00  INFO 17596 --- [History-Service] [main] org.hibernate.orm.connections.pooling    : HHH10001005: Database info:
	Database JDBC URL [Connecting through datasource 'HikariDataSource (HikariPool-1)']
	Database driver: undefined/unknown
	Database version: 17.5
	Autocommit mode: undefined/unknown
	Isolation level: undefined/unknown
	Minimum pool size: undefined/unknown
	Maximum pool size: undefined/unknown
2025-10-19T00:03:43.064+01:00  INFO 17596 --- [History-Service] [main] o.s.o.j.p.SpringPersistenceUnitInfo      : No LoadTimeWeaver setup: ignoring JPA class transformer
2025-10-19T00:03:43.569+01:00  INFO 11960 --- [Wallet-Service] [kafka-admin-client-thread | Wallet-Service-admin-0] o.a.kafka.common.utils.AppInfoParser     : App info kafka.admin.client for Wallet-Service-admin-0 unregistered
2025-10-19T00:03:43.584+01:00  INFO 11960 --- [Wallet-Service] [kafka-admin-client-thread | Wallet-Service-admin-0] o.apache.kafka.common.metrics.Metrics    : Metrics scheduler closed
2025-10-19T00:03:43.584+01:00  INFO 11960 --- [Wallet-Service] [kafka-admin-client-thread | Wallet-Service-admin-0] o.apache.kafka.common.metrics.Metrics    : Closing reporter org.apache.kafka.common.metrics.JmxReporter
2025-10-19T00:03:43.585+01:00  INFO 11960 --- [Wallet-Service] [kafka-admin-client-thread | Wallet-Service-admin-0] o.apache.kafka.common.metrics.Metrics    : Metrics reporters closed
2025-10-19T00:03:43.621+01:00  INFO 11960 --- [Wallet-Service] [main] o.s.b.w.embedded.tomcat.TomcatWebServer  : Tomcat started on port 8080 (http) with context path '/'
2025-10-19T00:03:43.651+01:00  INFO 11960 --- [Wallet-Service] [main] c.v.w.WalletServiceApplication           : Started WalletServiceApplication in 21.43 seconds (process running for 24.253)
2025-10-19T00:03:44.557+01:00  INFO 17596 --- [History-Service] [main] o.h.e.t.j.p.i.JtaPlatformInitiator       : HHH000489: No JTA platform available (set 'hibernate.transaction.jta.platform' to enable JTA platform integration)
2025-10-19T00:03:44.564+01:00  INFO 17596 --- [History-Service] [main] j.LocalContainerEntityManagerFactoryBean : Initialized JPA EntityManagerFactory for persistence unit 'default'
2025-10-19T00:03:45.191+01:00  INFO 17596 --- [History-Service] [main] o.s.v.b.OptionalValidatorFactoryBean     : Failed to set up a Bean Validation provider: jakarta.validation.NoProviderFoundException: Unable to create a Configuration, because no Jakarta Bean Validation provider could be found. Add a provider like Hibernate Validator (RI) to your classpath.
2025-10-19T00:03:45.962+01:00  INFO 17596 --- [History-Service] [main] o.s.b.w.embedded.tomcat.TomcatWebServer  : Tomcat started on port 8081 (http) with context path '/'
2025-10-19T00:03:46.015+01:00  INFO 17596 --- [History-Service] [main] o.a.k.clients.consumer.ConsumerConfig    : ConsumerConfig values: 
	allow.auto.create.topics = true
	auto.commit.interval.ms = 5000
	auto.include.jmx.reporter = true
	auto.offset.reset = earliest
	bootstrap.servers = [localhost:9092]
	check.crcs = true
	client.dns.lookup = use_all_dns_ips
	client.id = consumer-wallet_events-1
	client.rack = 
	connections.max.idle.ms = 540000
	default.api.timeout.ms = 60000
	enable.auto.commit = false
	enable.metrics.push = true
	exclude.internal.topics = true
	fetch.max.bytes = 52428800
	fetch.max.wait.ms = 500
	fetch.min.bytes = 1
	group.id = wallet_events
	group.instance.id = null
	group.protocol = classic
	group.remote.assignor = null
	heartbeat.interval.ms = 3000
	interceptor.classes = []
	internal.leave.group.on.close = true
	internal.throw.on.fetch.stable.offset.unsupported = false
	isolation.level = read_uncommitted
	key.deserializer = class org.apache.kafka.common.serialization.StringDeserializer
	max.partition.fetch.bytes = 1048576
	max.poll.interval.ms = 300000
	max.poll.records = 500
	metadata.max.age.ms = 300000
	metadata.recovery.strategy = none
	metric.reporters = []
	metrics.num.samples = 2
	metrics.recording.level = INFO
	metrics.sample.window.ms = 30000
	partition.assignment.strategy = [class org.apache.kafka.clients.consumer.RangeAssignor, class org.apache.kafka.clients.consumer.CooperativeStickyAssignor]
	receive.buffer.bytes = 65536
	reconnect.backoff.max.ms = 1000
	reconnect.backoff.ms = 50
	request.timeout.ms = 30000
	retry.backoff.max.ms = 1000
	retry.backoff.ms = 100
	sasl.client.callback.handler.class = null
	sasl.jaas.config = null
	sasl.kerberos.kinit.cmd = /usr/bin/kinit
	sasl.kerberos.min.time.before.relogin = 60000
	sasl.kerberos.service.name = null
	sasl.kerberos.ticket.renew.jitter = 0.05
	sasl.kerberos.ticket.renew.window.factor = 0.8
	sasl.login.callback.handler.class = null
	sasl.login.class = null
	sasl.login.connect.timeout.ms = null
	sasl.login.read.timeout.ms = null
	sasl.login.refresh.buffer.seconds = 300
	sasl.login.refresh.min.period.seconds = 60
	sasl.login.refresh.window.factor = 0.8
	sasl.login.refresh.window.jitter = 0.05
	sasl.login.retry.backoff.max.ms = 10000
	sasl.login.retry.backoff.ms = 100
	sasl.mechanism = GSSAPI
	sasl.oauthbearer.clock.skew.seconds = 30
	sasl.oauthbearer.expected.audience = null
	sasl.oauthbearer.expected.issuer = null
	sasl.oauthbearer.header.urlencode = false
	sasl.oauthbearer.jwks.endpoint.refresh.ms = 3600000
	sasl.oauthbearer.jwks.endpoint.retry.backoff.max.ms = 10000
	sasl.oauthbearer.jwks.endpoint.retry.backoff.ms = 100
	sasl.oauthbearer.jwks.endpoint.url = null
	sasl.oauthbearer.scope.claim.name = scope
	sasl.oauthbearer.sub.claim.name = sub
	sasl.oauthbearer.token.endpoint.url = null
	security.protocol = PLAINTEXT
	security.providers = null
	send.buffer.bytes = 131072
	session.timeout.ms = 45000
	socket.connection.setup.timeout.max.ms = 30000
	socket.connection.setup.timeout.ms = 10000
	ssl.cipher.suites = null
	ssl.enabled.protocols = [TLSv1.2, TLSv1.3]
	ssl.endpoint.identification.algorithm = https
	ssl.engine.factory.class = null
	ssl.key.password = null
	ssl.keymanager.algorithm = SunX509
	ssl.keystore.certificate.chain = null
	ssl.keystore.key = null
	ssl.keystore.location = null
	ssl.keystore.password = null
	ssl.keystore.type = JKS
	ssl.protocol = TLSv1.3
	ssl.provider = null
	ssl.secure.random.implementation = null
	ssl.trustmanager.algorithm = PKIX
	ssl.truststore.certificates = null
	ssl.truststore.location = null
	ssl.truststore.password = null
	ssl.truststore.type = JKS
	value.deserializer = class org.springframework.kafka.support.serializer.ErrorHandlingDeserializer

2025-10-19T00:03:46.103+01:00  INFO 17596 --- [History-Service] [main] o.a.k.c.t.i.KafkaMetricsCollector        : initializing Kafka metrics collector
2025-10-19T00:03:46.252+01:00  INFO 17596 --- [History-Service] [main] o.a.kafka.common.utils.AppInfoParser     : Kafka version: 3.9.1
2025-10-19T00:03:46.253+01:00  INFO 17596 --- [History-Service] [main] o.a.kafka.common.utils.AppInfoParser     : Kafka commitId: f745dfdcee2b9851
2025-10-19T00:03:46.253+01:00  INFO 17596 --- [History-Service] [main] o.a.kafka.common.utils.AppInfoParser     : Kafka startTimeMs: 1760828626249
2025-10-19T00:03:46.258+01:00  INFO 17596 --- [History-Service] [main] o.a.k.c.c.i.ClassicKafkaConsumer         : [Consumer clientId=consumer-wallet_events-1, groupId=wallet_events] Subscribed to topic(s): wallet_event_topic
2025-10-19T00:03:46.296+01:00  INFO 17596 --- [History-Service] [main] c.v.h.HistoryServiceApplication          : Started HistoryServiceApplication in 10.537 seconds (process running for 13.307)
2025-10-19T00:03:47.190+01:00  INFO 17596 --- [History-Service] [org.springframework.kafka.KafkaListenerEndpointContainer#0-0-C-1] org.apache.kafka.clients.Metadata        : [Consumer clientId=consumer-wallet_events-1, groupId=wallet_events] Cluster ID: -BOr3paVQdKG6HAFHtQDWw
2025-10-19T00:03:47.192+01:00  INFO 17596 --- [History-Service] [org.springframework.kafka.KafkaListenerEndpointContainer#0-0-C-1] o.a.k.c.c.internals.ConsumerCoordinator  : [Consumer clientId=consumer-wallet_events-1, groupId=wallet_events] Discovered group coordinator localhost:9092 (id: 2147483646 rack: null)
2025-10-19T00:03:47.198+01:00  INFO 17596 --- [History-Service] [org.springframework.kafka.KafkaListenerEndpointContainer#0-0-C-1] o.a.k.c.c.internals.ConsumerCoordinator  : [Consumer clientId=consumer-wallet_events-1, groupId=wallet_events] (Re-)joining group
2025-10-19T00:03:47.277+01:00  INFO 17596 --- [History-Service] [org.springframework.kafka.KafkaListenerEndpointContainer#0-0-C-1] o.a.k.c.c.internals.ConsumerCoordinator  : [Consumer clientId=consumer-wallet_events-1, groupId=wallet_events] Request joining group due to: need to re-join with the given member-id: consumer-wallet_events-1-45e1f99d-4d2f-404b-86d9-64db85896243
2025-10-19T00:03:47.277+01:00  INFO 17596 --- [History-Service] [org.springframework.kafka.KafkaListenerEndpointContainer#0-0-C-1] o.a.k.c.c.internals.ConsumerCoordinator  : [Consumer clientId=consumer-wallet_events-1, groupId=wallet_events] (Re-)joining group
2025-10-19T00:03:50.327+01:00  INFO 17596 --- [History-Service] [org.springframework.kafka.KafkaListenerEndpointContainer#0-0-C-1] o.a.k.c.c.internals.ConsumerCoordinator  : [Consumer clientId=consumer-wallet_events-1, groupId=wallet_events] Successfully joined group with generation Generation{generationId=34, memberId='consumer-wallet_events-1-45e1f99d-4d2f-404b-86d9-64db85896243', protocol='range'}
2025-10-19T00:03:50.351+01:00  INFO 17596 --- [History-Service] [org.springframework.kafka.KafkaListenerEndpointContainer#0-0-C-1] o.a.k.c.c.internals.ConsumerCoordinator  : [Consumer clientId=consumer-wallet_events-1, groupId=wallet_events] Finished assignment for group at generation 34: {consumer-wallet_events-1-45e1f99d-4d2f-404b-86d9-64db85896243=Assignment(partitions=[wallet_event_topic-0, wallet_event_topic-1, wallet_event_topic-2])}
2025-10-19T00:03:50.410+01:00  INFO 17596 --- [History-Service] [org.springframework.kafka.KafkaListenerEndpointContainer#0-0-C-1] o.a.k.c.c.internals.ConsumerCoordinator  : [Consumer clientId=consumer-wallet_events-1, groupId=wallet_events] Successfully synced group in generation Generation{generationId=34, memberId='consumer-wallet_events-1-45e1f99d-4d2f-404b-86d9-64db85896243', protocol='range'}
2025-10-19T00:03:50.412+01:00  INFO 17596 --- [History-Service] [org.springframework.kafka.KafkaListenerEndpointContainer#0-0-C-1] o.a.k.c.c.internals.ConsumerCoordinator  : [Consumer clientId=consumer-wallet_events-1, groupId=wallet_events] Notifying assignor about the new Assignment(partitions=[wallet_event_topic-0, wallet_event_topic-1, wallet_event_topic-2])
2025-10-19T00:03:50.422+01:00  INFO 17596 --- [History-Service] [org.springframework.kafka.KafkaListenerEndpointContainer#0-0-C-1] k.c.c.i.ConsumerRebalanceListenerInvoker : [Consumer clientId=consumer-wallet_events-1, groupId=wallet_events] Adding newly assigned partitions: wallet_event_topic-0, wallet_event_topic-1, wallet_event_topic-2
2025-10-19T00:03:50.472+01:00  INFO 17596 --- [History-Service] [org.springframework.kafka.KafkaListenerEndpointContainer#0-0-C-1] o.a.k.c.c.internals.ConsumerUtils        : Setting offset for partition wallet_event_topic-2 to the committed offset FetchPosition{offset=1, offsetEpoch=Optional.empty, currentLeader=LeaderAndEpoch{leader=Optional[localhost:9092 (id: 1 rack: null)], epoch=0}}
2025-10-19T00:03:50.473+01:00  INFO 17596 --- [History-Service] [org.springframework.kafka.KafkaListenerEndpointContainer#0-0-C-1] o.a.k.c.c.internals.ConsumerUtils        : Setting offset for partition wallet_event_topic-0 to the committed offset FetchPosition{offset=11, offsetEpoch=Optional.empty, currentLeader=LeaderAndEpoch{leader=Optional[localhost:9092 (id: 1 rack: null)], epoch=0}}
2025-10-19T00:03:50.474+01:00  INFO 17596 --- [History-Service] [org.springframework.kafka.KafkaListenerEndpointContainer#0-0-C-1] o.a.k.c.c.internals.ConsumerUtils        : Setting offset for partition wallet_event_topic-1 to the committed offset FetchPosition{offset=10, offsetEpoch=Optional.empty, currentLeader=LeaderAndEpoch{leader=Optional[localhost:9092 (id: 1 rack: null)], epoch=0}}
2025-10-19T00:03:50.477+01:00  INFO 17596 --- [History-Service] [org.springframework.kafka.KafkaListenerEndpointContainer#0-0-C-1] o.s.k.l.KafkaMessageListenerContainer    : wallet_events: partitions assigned: [wallet_event_topic-0, wallet_event_topic-1, wallet_event_topic-2]
2025-10-19T00:05:01.465+01:00  INFO 11960 --- [Wallet-Service] [http-nio-8080-exec-2] o.a.c.c.C.[Tomcat].[localhost].[/]       : Initializing Spring DispatcherServlet 'dispatcherServlet'
2025-10-19T00:05:01.467+01:00  INFO 11960 --- [Wallet-Service] [http-nio-8080-exec-2] o.s.web.servlet.DispatcherServlet        : Initializing Servlet 'dispatcherServlet'
2025-10-19T00:05:01.474+01:00  INFO 11960 --- [Wallet-Service] [http-nio-8080-exec-2] o.s.web.servlet.DispatcherServlet        : Completed initialization in 5 ms
2025-10-19T00:05:03.061+01:00  INFO 11960 --- [Wallet-Service] [http-nio-8080-exec-2] o.springdoc.api.AbstractOpenApiResource  : Init duration for springdoc-openapi is: 1328 ms
